#max_provinces = 1466
definitions = "definition.csv"
provinces = "provinces.png"
#positions = "positions.txt"
rivers = "rivers.png"
#terrain_definition = "terrain.txt"
topology = "heightmap.heightmap"
#tree_definition = "trees.bmp"
continent = "continent.txt"
adjacencies = "adjacencies.csv"
#climate = "climate.txt"
island_region = "island_region.txt"
seasons = "seasons.txt"

#############
# SEA ZONES
#############

sea_zones = LIST { 5 15 37 94 143 215 439 776 899 909 950 1015 } # Great Western Ocean
sea_zones = LIST { 3 4 7 10 11 16 106 342 590 847 990 1031 1048 1053 1058 1068 1081 1087 1091 1098 1104 1111 1116 } # Inland Sea
sea_zones = LIST { 667 686 716 } # Gulf of Daana'd
sea_zones = LIST { 352 353 360 447 } # Mistral Bay

###############
# MAJOR RIVERS
###############

river_provinces = LIST { 283 293 304 319 334 } # Imperial River
river_provinces = LIST { 514 538 597 } # Serpentine River
river_provinces = LIST { 780 834 904 998 } # Caracal River

########
# LAKES
########

#####################
# IMPASSABLE TERRAIN
#####################
# Can be colored by whoever owns the most of the province's neighbours.
# Blocks unit movement.

impassable_mountains = LIST { 423 216 249 733 153 733 403 } # Realm Mountains

############
# WASTELAND
############
# These are actually supposed to be Wasteland:
# Cannot be colored. Blocks unit movement, used for things like Sahara desert. 

impassable_mountains = LIST { 936 }

# IMPASSABLE SEA ZONES
# These sea provinces cannot be crossed/sailed
impassable_seas = LIST { 1 }

# UNUSED PROVINCES
# These provinces cause issues because they are passable land, but not part of any title.
# They are probably not visible anywhere on the map, so feel free to reuse them (after double checking that they are actually missing).
